Microchip MPLAB XC8 Compiler V2.32

Linker command line:

-W-3 --edf=C:\Program Files\Microchip\xc8\v2.32\pic\dat\en_msgs.txt \
  -pivt0x8=08h -cn \
  -h+dist/default/production\Decode-DTMF_18F26.X.production.sym \
  --cmf=dist/default/production\Decode-DTMF_18F26.X.production.cmf -z \
  -Q18F26K83 -oC:\Users\Romain\AppData\Local\Temp\xcAs35s.4 \
  --defsym=__MPLAB_BUILD=1 \
  -Mdist/default/production/Decode-DTMF_18F26.X.production.map -E1 \
  -ver=XC8 Compiler --acfsm=1493 -ASTACK=060h-0FFFh -pstack=STACK \
  -ACODE=00h-0FFFFh -ACONST=00h-0FFFFh -ASMALLCONST=01000h-010FFhx240 \
  -AMEDIUMCONST=01000h-0FFFFh -ACOMRAM=01h-05Fh -AABS1=00h-0FFFh \
  -ABIGRAM=01h-0FFFh -ARAM=060h-0FFh,0100h-01FFhx15 -ABANK0=060h-0FFh \
  -ABANK1=0100h-01FFh -ABANK2=0200h-02FFh -ABANK3=0300h-03FFh \
  -ABANK4=0400h-04FFh -ABANK5=0500h-05FFh -ABANK6=0600h-06FFh \
  -ABANK7=0700h-07FFh -ABANK8=0800h-08FFh -ABANK9=0900h-09FFh \
  -ABANK10=0A00h-0AFFh -ABANK11=0B00h-0BFFh -ABANK12=0C00h-0CFFh \
  -ABANK13=0D00h-0DFFh -ABANK14=0E00h-0EFFh -ABANK15=0F00h-0FFFh \
  -ASFR=03700h-037FFhx8,03F00h-03F5Fh,03F60h-03FFFh \
  -ACONFIG=0300000h-0300009h -AIDLOC=0200000h-020000Fh \
  -AEEDATA=0310000h-03103FFh -peeprom_data=EEDATA -preset_vec=00h \
  -ppowerup=CODE,init -pramtop=01000h -psmallconst=SMALLCONST \
  -pmediumconst=MEDIUMCONST -pconst=CONST -AFARRAM=00h-00h \
  -prdata=COMRAM,nvrram=COMRAM,nvbit=COMRAM,rbss=COMRAM,rbit=COMRAM \
  -pfarbss=FARRAM,fardata=FARRAM,nvFARRAM=FARRAM \
  -pintsave_regs=BIGRAM,bigbss=BIGRAM,bigdata=BIGRAM -pbss=RAM \
  -pidata=CODE,irdata=CODE,ibigdata=CODE,ifardata=CODE -prparam=COMRAM \
  C:\Users\Romain\AppData\Local\Temp\xcAs35s.o \
  dist/default/production\Decode-DTMF_18F26.X.production.o 

Object code version is 3.11

Machine type is 18F26K83



                Name                               Link     Load   Length Selector   Space Scale
C:\Users\Romain\AppData\Local\Temp\xcAs35s.o
                idloc                            200000   200000       10        0       5
                config                           300000   300000        A        0       4
                init                                 A8       A8        4        4       0
                reset_vec                             0        0        4        0       0
dist/default/production\Decode-DTMF_18F26.X.production.o
                idloc                            200000   200000       10        0       5
                config                           300000   300000        A        0       4
                ivt0x8                                8        8       A0        4       0
                text11                              E0C      E0C       16        4       0
                text10                              4FA      4FA      39A        4       0
                text9                                AC       AC      44E        4       0
                text8                               BEC      BEC      106        4       0
                text7                               894      894      1B4        4       0
                text6                               A48      A48      1A4        4       0
                text5                               CF2      CF2       74        4       0
                text4                               D66      D66       46        4       0
                text3                               E34      E34        A        4       0
                text2                               E22      E22       12        4       0
                text1                               E3E      E3E        2        4       0
                text0                               DAC      DAC       42        4       0
                cstackCOMRAM                          1        1       48        1       1
                bssCOMRAM                            49       49        6        1       1
                cinit                               DEE      DEE       1E        4       0
                nvCOMRAM                             4F       4F        4        1       1

TOTAL           Name                               Link     Load   Length     Space
        CLASS   STACK          

        CLASS   CODE           
                init                                 A8       A8        4         0
                reset_vec                             0        0        4         0
                ivt0x8                                8        8       A0         0
                text11                              E0C      E0C       16         0
                text10                              4FA      4FA      39A         0
                text9                                AC       AC      44E         0
                text8                               BEC      BEC      106         0
                text7                               894      894      1B4         0
                text6                               A48      A48      1A4         0
                text5                               CF2      CF2       74         0
                text4                               D66      D66       46         0
                text3                               E34      E34        A         0
                text2                               E22      E22       12         0
                text1                               E3E      E3E        2         0
                text0                               DAC      DAC       42         0
                cinit                               DEE      DEE       1E         0

        CLASS   CONST          

        CLASS   SMALLCONST     

        CLASS   MEDIUMCONST    

        CLASS   COMRAM         
                cstackCOMRAM                          1        1       48         1
                bssCOMRAM                            49       49        6         1
                nvCOMRAM                             4F       4F        4         1

        CLASS   ABS1           

        CLASS   BIGRAM         

        CLASS   RAM            

        CLASS   BANK0          

        CLASS   BANK1          

        CLASS   BANK2          

        CLASS   BANK3          

        CLASS   BANK4          

        CLASS   BANK5          

        CLASS   BANK6          

        CLASS   BANK7          

        CLASS   BANK8          

        CLASS   BANK9          

        CLASS   BANK10         

        CLASS   BANK11         

        CLASS   BANK12         

        CLASS   BANK13         

        CLASS   BANK14         

        CLASS   BANK15         

        CLASS   SFR            

        CLASS   CONFIG         
                config                           300000   300000        A         4

        CLASS   IDLOC          
                idloc                            200000   200000       10         5

        CLASS   EEDATA         

        CLASS   FARRAM         



SEGMENTS        Name                           Load    Length   Top    Selector   Space  Class

                reset_vec                      000000  000004  000004         0       0  CODE    
                cstackCOMRAM                   000001  000052  000053         1       1  COMRAM  
                ivt0x8                         000008  000E38  000E40         4       0  CODE    


UNUSED ADDRESS RANGES

        Name                Unused          Largest block    Delta
        BANK0            000060-0000FF               A0
        BANK1            000100-0001FF              100
        BANK10           000A00-000AFF              100
        BANK11           000B00-000BFF              100
        BANK12           000C00-000CFF              100
        BANK13           000D00-000DFF              100
        BANK14           000E00-000EFF              100
        BANK15           000F00-000FFF              100
        BANK2            000200-0002FF              100
        BANK3            000300-0003FF              100
        BANK4            000400-0004FF              100
        BANK5            000500-0005FF              100
        BANK6            000600-0006FF              100
        BANK7            000700-0007FF              100
        BANK8            000800-0008FF              100
        BANK9            000900-0009FF              100
        BIGRAM           000053-000FFF              FAD
        CODE             000004-000007                4
                         000E40-00FFFF             F1C0
        COMRAM           000053-00005F                D
        CONST            000004-000007                4
                         000E40-00FFFF             F1C0
        EEDATA           310000-3103FF              400
        MEDIUMCONST      001000-00FFFF             F000
        RAM              000060-000FFF              100
        SFR              003700-003FFF              100
        SMALLCONST       001000-00FFFF              100
        STACK            000060-000FFF              FA0

                                  Symbol Table

?_Drv_Adc_Read_Temp_Ext                         cstackCOMRAM 000032
?___fldiv                                       cstackCOMRAM 00000F
?___flmul                                       cstackCOMRAM 00000F
?___fltol                                       cstackCOMRAM 000028
?___xxtofl                                      cstackCOMRAM 000001
Drv_Adc_Read_Temp_Ext@l_adc_res_h               cstackCOMRAM 000042
Drv_Adc_Read_Temp_Ext@l_adc_res_l               cstackCOMRAM 000043
Drv_Adc_Read_Temp_Ext@l_counter                 cstackCOMRAM 000044
Drv_Adc_Read_Temp_Ext@l_result                  cstackCOMRAM 000045
Drv_Adc_Read_Temp_Ext@l_temp_h                  cstackCOMRAM 00003A
Drv_Adc_Read_Temp_Ext@l_temp_l                  cstackCOMRAM 00003E
IVTBASEH                                        (abs)        003FD6
IVTBASEL                                        (abs)        003FD5
IVTBASEU                                        (abs)        003FD7
_ADACQHbits                                     (abs)        003EF4
_ADACQLbits                                     (abs)        003EF3
_ADACT                                          (abs)        003EFE
_ADCAP                                          (abs)        003EF5
_ADCLKbits                                      (abs)        003EFF
_ADCNT                                          (abs)        003EEB
_ADCON0bits                                     (abs)        003EF8
_ADCON1bits                                     (abs)        003EF9
_ADCON2bits                                     (abs)        003EFA
_ADCON3bits                                     (abs)        003EFB
_ADCPbits                                       (abs)        003ED7
_ADFLTRH                                        (abs)        003EE7
_ADLTHH                                         (abs)        003EDF
_ADLTHL                                         (abs)        003EDE
_ADPCH                                          (abs)        003EF1
_ADPREHbits                                     (abs)        003EF7
_ADPRELbits                                     (abs)        003EF6
_ADREFbits                                      (abs)        003EFD
_ADRESH                                         (abs)        003EF0
_ADRESL                                         (abs)        003EEF
_ADRPT                                          (abs)        003EEC
_ADSTPTH                                        (abs)        003EE5
_ADSTPTL                                        (abs)        003EE4
_ADUTHH                                         (abs)        003EE1
_ADUTHL                                         (abs)        003EE0
_ANSELAbits                                     (abs)        003A40
_App_Private_Cmd_Execute_Periodic_Task          text11       000E0C
_Drv_Adc_Configure                              text5        000CF2
_Drv_Adc_Read_Temp_Ext                          text6        000A48
_INTCON0bits                                    (abs)        003FD2
_IPR3bits                                       (abs)        003983
_IVTBASEH                                       (abs)        003FD6
_IVTBASEL                                       (abs)        003FD5
_IVTBASEU                                       (abs)        003FD7
_InitSysteme                                    text2        000E22
_PIE3bits                                       (abs)        003993
_PIR3bits                                       (abs)        0039A3
_PORTBbits                                      (abs)        003FCB
_T0CON0bits                                     (abs)        003FB8
_T0CON1bits                                     (abs)        003FB9
_TMR0H                                          (abs)        003FB7
_TMR0L                                          (abs)        003FB6
_TMR0_Initialize                                text4        000D66
_TRISAbits                                      (abs)        003FC2
_TRISBbits                                      (abs)        003FC3
_Temperature                                    nvCOMRAM     00004F
__HRAM                                          (abs)        000000
__Habs1                                         abs1         000000
__Hbank0                                        bank0        000000
__Hbank1                                        bank1        000000
__Hbank10                                       bank10       000000
__Hbank11                                       bank11       000000
__Hbank12                                       bank12       000000
__Hbank13                                       bank13       000000
__Hbank14                                       bank14       000000
__Hbank15                                       bank15       000000
__Hbank2                                        bank2        000000
__Hbank3                                        bank3        000000
__Hbank4                                        bank4        000000
__Hbank5                                        bank5        000000
__Hbank6                                        bank6        000000
__Hbank7                                        bank7        000000
__Hbank8                                        bank8        000000
__Hbank9                                        bank9        000000
__Hbigbss                                       bigbss       000000
__Hbigdata                                      bigdata      000000
__Hbigram                                       bigram       000000
__Hbss                                          bss          000000
__HbssCOMRAM                                    bssCOMRAM    000000
__Hcinit                                        cinit        000000
__Hclrtext                                      clrtext      000000
__Hcomram                                       comram       000000
__Hconfig                                       config       30000A
__Hconst                                        const        000000
__HcstackCOMRAM                                 cstackCOMRAM 000000
__Hdata                                         data         000000
__Heeprom_data                                  eeprom_data  000000
__Hfarbss                                       farbss       000000
__Hfardata                                      fardata      000000
__Hibigdata                                     ibigdata     000000
__Hidata                                        idata        000000
__Hidloc                                        idloc        200010
__Hifardata                                     ifardata     000000
__Hinit                                         init         0000AC
__Hintsave_regs                                 intsave_regs 000000
__Hirdata                                       irdata       000000
__Hivt0x8                                       ivt0x8       0000A8
__Hmediumconst                                  mediumconst  000000
__HnvCOMRAM                                     nvCOMRAM     000000
__HnvFARRAM                                     nvFARRAM     000000
__Hnvbit                                        nvbit        000000
__Hnvrram                                       nvrram       000000
__Hparam                                        rparam       000000
__Hpowerup                                      powerup      000000
__Hram                                          ram          000000
__Hramtop                                       ramtop       001000
__Hrbit                                         rbit         000000
__Hrbss                                         rbss         000000
__Hrdata                                        rdata        000000
__Hreset_vec                                    reset_vec    000004
__Hrparam                                       rparam       000000
__Hsfr                                          sfr          000000
__Hsmallconst                                   smallconst   000000
__Hspace_0                                      (abs)        001000
__Hspace_1                                      (abs)        000053
__Hspace_2                                      (abs)        000000
__Hspace_4                                      (abs)        60000A
__Hstack                                        stack        000000
__Hstruct                                       struct       000000
__Htemp                                         temp         000000
__Htext                                         text         000000
__Htext0                                        text0        000000
__Htext1                                        text1        000000
__Htext10                                       text10       000000
__Htext11                                       text11       000000
__Htext2                                        text2        000000
__Htext3                                        text3        000000
__Htext4                                        text4        000000
__Htext5                                        text5        000000
__Htext6                                        text6        000000
__Htext7                                        text7        000000
__Htext8                                        text8        000000
__Htext9                                        text9        000000
__LRAM                                          (abs)        000001
__Labs1                                         abs1         000000
__Lbank0                                        bank0        000000
__Lbank1                                        bank1        000000
__Lbank10                                       bank10       000000
__Lbank11                                       bank11       000000
__Lbank12                                       bank12       000000
__Lbank13                                       bank13       000000
__Lbank14                                       bank14       000000
__Lbank15                                       bank15       000000
__Lbank2                                        bank2        000000
__Lbank3                                        bank3        000000
__Lbank4                                        bank4        000000
__Lbank5                                        bank5        000000
__Lbank6                                        bank6        000000
__Lbank7                                        bank7        000000
__Lbank8                                        bank8        000000
__Lbank9                                        bank9        000000
__Lbigbss                                       bigbss       000000
__Lbigdata                                      bigdata      000000
__Lbigram                                       bigram       000000
__Lbss                                          bss          000000
__LbssCOMRAM                                    bssCOMRAM    000000
__Lcinit                                        cinit        000000
__Lclrtext                                      clrtext      000000
__Lcomram                                       comram       000000
__Lconfig                                       config       000000
__Lconst                                        const        000000
__LcstackCOMRAM                                 cstackCOMRAM 000000
__Ldata                                         data         000000
__Leeprom_data                                  eeprom_data  000000
__Lfarbss                                       farbss       000000
__Lfardata                                      fardata      000000
__Libigdata                                     ibigdata     000000
__Lidata                                        idata        000000
__Lidloc                                        idloc        000000
__Lifardata                                     ifardata     000000
__Linit                                         init         0000A8
__Lintsave_regs                                 intsave_regs 000000
__Lirdata                                       irdata       000000
__Livt0x8                                       ivt0x8       000008
__Lmediumconst                                  mediumconst  000000
__LnvCOMRAM                                     nvCOMRAM     000000
__LnvFARRAM                                     nvFARRAM     000000
__Lnvbit                                        nvbit        000000
__Lnvrram                                       nvrram       000000
__Lparam                                        rparam       000000
__Lpowerup                                      powerup      000000
__Lram                                          ram          000000
__Lramtop                                       ramtop       001000
__Lrbit                                         rbit         000000
__Lrbss                                         rbss         000000
__Lrdata                                        rdata        000000
__Lreset_vec                                    reset_vec    000000
__Lrparam                                       rparam       000000
__Lsfr                                          sfr          000000
__Lsmallconst                                   smallconst   000000
__Lspace_0                                      (abs)        000000
__Lspace_1                                      (abs)        000000
__Lspace_2                                      (abs)        000000
__Lspace_4                                      (abs)        000000
__Lstack                                        stack        000000
__Lstruct                                       struct       000000
__Ltemp                                         temp         000000
__Ltext                                         text         000000
__Ltext0                                        text0        000000
__Ltext1                                        text1        000000
__Ltext10                                       text10       000000
__Ltext11                                       text11       000000
__Ltext2                                        text2        000000
__Ltext3                                        text3        000000
__Ltext4                                        text4        000000
__Ltext5                                        text5        000000
__Ltext6                                        text6        000000
__Ltext7                                        text7        000000
__Ltext8                                        text8        000000
__Ltext9                                        text9        000000
__S0                                            (abs)        000E40
__S1                                            (abs)        000053
__S2                                            (abs)        000000
__S4                                            (abs)        000000
__S5                                            (abs)        000000
___fldiv                                        text10       0004FA
___fldiv@a                                      cstackCOMRAM 000013
___fldiv@aexp                                   cstackCOMRAM 000027
___fldiv@b                                      cstackCOMRAM 00000F
___fldiv@bexp                                   cstackCOMRAM 000026
___fldiv@grs                                    cstackCOMRAM 000022
___fldiv@new_exp                                cstackCOMRAM 000020
___fldiv@rem                                    cstackCOMRAM 00001B
___fldiv@sign                                   cstackCOMRAM 00001F
___flmul                                        text9        0000AC
___flmul@a                                      cstackCOMRAM 000013
___flmul@aexp                                   cstackCOMRAM 000020
___flmul@b                                      cstackCOMRAM 00000F
___flmul@bexp                                   cstackCOMRAM 000021
___flmul@grs                                    cstackCOMRAM 00001C
___flmul@prod                                   cstackCOMRAM 000022
___flmul@sign                                   cstackCOMRAM 00001B
___flmul@temp                                   cstackCOMRAM 000026
___fltol                                        text8        000BEC
___fltol@exp1                                   cstackCOMRAM 000031
___fltol@f1                                     cstackCOMRAM 000028
___fltol@sign1                                  cstackCOMRAM 000030
___inthi_sp                                     stack        000000
___intlo_sp                                     stack        000000
___param_bank                                   (abs)        000000
___rparam_used                                  (abs)        000001
___sp                                           stack        000000
___xxtofl                                       text7        000894
___xxtofl@arg                                   cstackCOMRAM 00000B
___xxtofl@exp                                   cstackCOMRAM 00000A
___xxtofl@sign                                  cstackCOMRAM 000009
___xxtofl@val                                   cstackCOMRAM 000001
__accesstop                                     (abs)        000060
__activetblptr                                  (abs)        000000
__end_of_App_Private_Cmd_Execute_Periodic_Task  text11       000E22
__end_of_Drv_Adc_Configure                      text5        000D66
__end_of_Drv_Adc_Read_Temp_Ext                  text6        000BEC
__end_of_InitSysteme                            text2        000E34
__end_of_TMR0_Initialize                        text4        000DAC
__end_of___fldiv                                text10       000894
__end_of___flmul                                text9        0004FA
__end_of___fltol                                text8        000CF2
__end_of___xxtofl                               text7        000A48
__end_of__initialization                        cinit        000E06
__end_of_dtmf_Configure                         text3        000E3E
__end_of_dtmf_InitInterrupt                     text1        000E40
__end_of_main                                   text0        000DEE
__initialization                                cinit        000DEE
__mediumconst                                   mediumconst  000000
__pbssCOMRAM                                    bssCOMRAM    000049
__pcinit                                        cinit        000DEE
__pcstackCOMRAM                                 cstackCOMRAM 000001
__pivt0x8                                       ivt0x8       000008
__pnvCOMRAM                                     nvCOMRAM     00004F
__ptext0                                        text0        000DAC
__ptext1                                        text1        000E3E
__ptext10                                       text10       0004FA
__ptext11                                       text11       000E0C
__ptext2                                        text2        000E22
__ptext3                                        text3        000E34
__ptext4                                        text4        000D66
__ptext5                                        text5        000CF2
__ptext6                                        text6        000A48
__ptext7                                        text7        000894
__ptext8                                        text8        000BEC
__ptext9                                        text9        0000AC
__ramtop                                        ramtop       001000
__size_of_App_Private_Cmd_Execute_Periodic_Task (abs)        000000
__size_of_Drv_Adc_Configure                     (abs)        000000
__size_of_Drv_Adc_Read_Temp_Ext                 (abs)        000000
__size_of_InitSysteme                           (abs)        000000
__size_of_TMR0_Initialize                       (abs)        000000
__size_of___fldiv                               (abs)        000000
__size_of___flmul                               (abs)        000000
__size_of___fltol                               (abs)        000000
__size_of___xxtofl                              (abs)        000000
__size_of_dtmf_Configure                        (abs)        000000
__size_of_dtmf_InitInterrupt                    (abs)        000000
__size_of_main                                  (abs)        000000
__smallconst                                    smallconst   000000
_dtmf_Configure                                 text3        000E34
_dtmf_InitInterrupt                             text1        000E3E
_main                                           text0        000DAC
_test                                           bssCOMRAM    00004D
_test_temp                                      bssCOMRAM    000049
_ui8Compteur                                    bssCOMRAM    00004E
end_of_initialization                           cinit        000E06
intlevel0                                       text         000000
intlevel1                                       text         000000
intlevel2                                       text         000000
intlevel3                                       text         000000
isa$std                                         (abs)        000001
isa$xinst                                       (abs)        000000
ivt0x8_base                                     ivt0x8       000008
ivt0x8_undefint                                 ivt0x8       0000A6
stackhi                                         (abs)        000FFF
stacklo                                         (abs)        000060
start                                           init         0000A8
start_initialization                            cinit        000DEE


MODULE INFORMATION

Module		Function		Class		Link	Load	Size
Drv_Adc.c
		_Drv_Adc_Configure		CODE           	0CF2	0000	116
		_Drv_Adc_Read_Temp_Ext		CODE           	0A48	0000	420

Drv_Adc.c estimated size: 536

timer0.c
		_App_Private_Cmd_Execute_Periodic_Task		CODE           	0E0C	0000	22
		_TMR0_Initialize		CODE           	0D66	0000	70

timer0.c estimated size: 92

shared
		__initialization		CODE           	0DEE	0000	24

shared estimated size: 24

C:\Program Files\Microchip\xc8\v2.32\pic\sources\c99\common\sprcmul.c
		___flmul       		CODE           	00AC	0000	1102

C:\Program Files\Microchip\xc8\v2.32\pic\sources\c99\common\sprcmul.c estimated size: 1102

C:\Program Files\Microchip\xc8\v2.32\pic\sources\c99\common\sprcdiv.c
		___fldiv       		CODE           	04FA	0000	922

C:\Program Files\Microchip\xc8\v2.32\pic\sources\c99\common\sprcdiv.c estimated size: 922

C:\Program Files\Microchip\xc8\v2.32\pic\sources\c99\common\fltol.c
		___fltol       		CODE           	0BEC	0000	262

C:\Program Files\Microchip\xc8\v2.32\pic\sources\c99\common\fltol.c estimated size: 262

C:\Program Files\Microchip\xc8\v2.32\pic\sources\c99\common\xxtofl.c
		___xxtofl      		CODE           	0894	0000	436

C:\Program Files\Microchip\xc8\v2.32\pic\sources\c99\common\xxtofl.c estimated size: 436

main.c
		_main          		CODE           	0DAC	0000	66
		_InitSysteme   		CODE           	0E22	0000	18

main.c estimated size: 84

dtmf.c
		_dtmf_Configure		CODE           	0E34	0000	10
		_dtmf_InitInterrupt		CODE           	0E3E	0000	2

dtmf.c estimated size: 12

